# run_p1_writer_profile_scale.sh  2026-09-28T20:24:14-04:00
# bench HEAD 0c72128f; bench_list_scale.c sha256 37be6f39a7c4b2df
# binary ./arms-p1/bench_list_scale.pin-aligned-a69be31e sha256 015528a77fb04b77; liburcu from urcu-txn-build-a69be31e
# WRITERS=1 192 WARM=4 DUR=6 LAG=4.5 WIN=4; start: 19.03 5.52 6.40 2/3917 2279176
## txn_sw_list w=1 stat: 6.37 Mops/s  retries = 0  load 16.34
## txn_sw_list w=1 record: 6.31 Mops/s  retries = 0  load 14.13
## txn_sw_list writers=1: 6.31 Mops/s, 14137850169 units, threads by role main=254, worker=2, writer=1
#   main: 1.8% of process; top symbols:
#      24.46%  native_queued_spin_lock_slowpath  [[kernel.kallsyms]]
#      18.27%  update_sd_lb_stats.constprop.0  [[kernel.kallsyms]]
#      12.03%  osq_lock  [[kernel.kallsyms]]
#       7.29%  urcu_qsbr_synchronize_rcu  [liburcu-qsbr.so.8.2.0]
#       6.93%  cpu_util  [[kernel.kallsyms]]
#       3.91%  update_load_avg  [[kernel.kallsyms]]
#       3.69%  __pi__text  [[kernel.kallsyms]]
#       3.62%  do_syscall_64  [[kernel.kallsyms]]
#       3.58%  usleep  [libc.so.6]
#       3.07%  arch_scale_cpu_capacity  [[kernel.kallsyms]]
#       2.74%  entry_SYSRETQ_unsafe_stack  [[kernel.kallsyms]]
#       2.34%  hrtimer_start_range_ns  [[kernel.kallsyms]]
#       2.34%  sched_balance_find_src_group  [[kernel.kallsyms]]
#       0.48%  srso_alias_return_thunk  [[kernel.kallsyms]]
#   worker: 47.2% of process; top symbols:
#      78.26%  [unknown]  [libjemalloc.so.2]
#       7.95%  urcu_txn_sw_free_rcu  [bench_list_scale.pin-aligned-a69be31e]
#       3.48%  __GI___pthread_mutex_unlock_usercnt  [libc.so.6]
#       3.13%  call_rcu_thread  [liburcu-qsbr.so.8.2.0]
#       2.49%  pthread_mutex_trylock@@GLIBC_2.34  [libc.so.6]
#       1.98%  free  [libjemalloc.so.2]
#       0.70%  seg_reclaim_cb  [bench_list_scale.pin-aligned-a69be31e]
#       0.37%  urcu_qsbr_synchronize_rcu  [liburcu-qsbr.so.8.2.0]
#       0.32%  pthread_mutex_unlock@@GLIBC_2.2.5  [libc.so.6]
#       0.26%  pthread_mutex_trylock@plt  [libjemalloc.so.2]
#       0.21%  pthread_mutex_unlock@plt  [libjemalloc.so.2]
#       0.15%  task_tick_fair  [[kernel.kallsyms]]
#       0.11%  free@plt  [bench_list_scale.pin-aligned-a69be31e]
#       0.06%  futex_wake  [[kernel.kallsyms]]
#   writer: 51.0% of process; top symbols:
#      24.56%  su_write  [bench_list_scale.pin-aligned-a69be31e]
#      13.88%  urcu_txn_sw_commit_flavor.constprop.0  [bench_list_scale.pin-aligned-a69be31e]
#       8.41%  posix_memalign  [libjemalloc.so.2]
#       7.37%  urcu_txn_sw_record_chain.constprop.0.isra.0  [bench_list_scale.pin-aligned-a69be31e]
#       6.12%  [unknown]  [libjemalloc.so.2]
#       5.37%  sched_getcpu  [libc.so.6]
#       4.69%  urcu_slab_alloc  [bench_list_scale.pin-aligned-a69be31e]
#       3.66%  wake_call_rcu_thread  [liburcu-qsbr.so.8.2.0]
#       3.39%  urcu_qsbr_get_call_rcu_data  [liburcu-qsbr.so.8.2.0]
#       3.21%  writer_thread  [bench_list_scale.pin-aligned-a69be31e]
#       3.19%  pthread_mutex_lock@@GLIBC_2.2.5  [libc.so.6]
#       3.01%  urcu_txn_sw_list_del_rcu  [bench_list_scale.pin-aligned-a69be31e]
#       2.71%  urcu_qsbr_call_rcu  [liburcu-qsbr.so.8.2.0]
#       2.12%  urcu_qsbr_get_cpu_call_rcu_data  [liburcu-qsbr.so.8.2.0]
## rculist w=1 stat: 16.10 Mops/s  retries = 0  load 12.27
## rculist w=1 record: 15.94 Mops/s  retries = 0  load 9.90
## rculist writers=1: 15.94 Mops/s, 14260520330 units, threads by role main=259, worker=2, writer=1
#   main: 1.7% of process; top symbols:
#      28.33%  update_sd_lb_stats.constprop.0  [[kernel.kallsyms]]
#      23.15%  osq_lock  [[kernel.kallsyms]]
#      10.54%  native_queued_spin_lock_slowpath  [[kernel.kallsyms]]
#       8.07%  cpu_util  [[kernel.kallsyms]]
#       6.80%  urcu_qsbr_synchronize_rcu  [liburcu-qsbr.so.8.2.0]
#       4.02%  local_clock_noinstr  [[kernel.kallsyms]]
#       3.78%  srso_alias_safe_ret  [[kernel.kallsyms]]
#       3.73%  srso_alias_return_thunk  [[kernel.kallsyms]]
#       3.49%  native_send_call_func_single_ipi  [[kernel.kallsyms]]
#       1.43%  entry_SYSRETQ_unsafe_stack  [[kernel.kallsyms]]
#       0.45%  futex_wait_setup  [[kernel.kallsyms]]
#       0.34%  __update_load_avg_se  [[kernel.kallsyms]]
#       0.31%  __sched_balance_update_blocked_averages  [[kernel.kallsyms]]
#       0.31%  sched_balance_rq  [[kernel.kallsyms]]
#   worker: 46.8% of process; top symbols:
#      73.39%  [unknown]  [libjemalloc.so.2]
#       9.85%  pthread_mutex_trylock@@GLIBC_2.34  [libc.so.6]
#       8.52%  __GI___pthread_mutex_unlock_usercnt  [libc.so.6]
#       4.33%  free  [libjemalloc.so.2]
#       1.09%  call_rcu_thread  [liburcu-qsbr.so.8.2.0]
#       0.60%  seg_reclaim_cb  [bench_list_scale.pin-aligned-a69be31e]
#       0.48%  pthread_mutex_unlock@@GLIBC_2.2.5  [libc.so.6]
#       0.43%  pthread_mutex_trylock@plt  [libjemalloc.so.2]
#       0.37%  pthread_mutex_unlock@plt  [libjemalloc.so.2]
#       0.32%  urcu_qsbr_synchronize_rcu  [liburcu-qsbr.so.8.2.0]
#       0.20%  free@plt  [bench_list_scale.pin-aligned-a69be31e]
#       0.10%  propagate_entity_load_avg  [[kernel.kallsyms]]
#       0.06%  srso_alias_safe_ret  [[kernel.kallsyms]]
#       0.05%  __pte_offset_map  [[kernel.kallsyms]]
#   writer: 51.6% of process; top symbols:
#      53.45%  rl_write  [bench_list_scale.pin-aligned-a69be31e]
#      12.13%  [unknown]  [libjemalloc.so.2]
#      10.50%  writer_thread  [bench_list_scale.pin-aligned-a69be31e]
#       7.17%  posix_memalign  [libjemalloc.so.2]
#       2.83%  malloc  [libjemalloc.so.2]
#       2.58%  urcu_qsbr_call_rcu  [liburcu-qsbr.so.8.2.0]
#       2.06%  urcu_qsbr_get_cpu_call_rcu_data  [liburcu-qsbr.so.8.2.0]
#       1.86%  wake_call_rcu_thread  [liburcu-qsbr.so.8.2.0]
#       1.56%  urcu_qsbr_get_call_rcu_data  [liburcu-qsbr.so.8.2.0]
#       1.54%  sched_getcpu  [libc.so.6]
#       1.16%  __tls_get_addr  [ld-linux-x86-64.so.2]
#       0.44%  malloc@plt  [bench_list_scale.pin-aligned-a69be31e]
#       0.39%  pthread_mutex_trylock@@GLIBC_2.34  [libc.so.6]
#       0.34%  urcu_qsbr_get_cpu_call_rcu_data@plt  [liburcu-qsbr.so.8.2.0]
## txn_sw_list w=192 stat: 9.88 Mops/s  retries = 0  load 38.05
## txn_sw_list w=192 record: 9.97 Mops/s  retries = 0  load 61.88
## txn_sw_list writers=192: 9.97 Mops/s, 1975386935701 units, threads by role main=245, worker=140, writer=192
#   main: 0.3% of process; top symbols:
#      77.05%  [unknown]  [libjemalloc.so.2]
#       4.52%  pthread_mutex_trylock@@GLIBC_2.34  [libc.so.6]
#       3.74%  __GI___pthread_mutex_unlock_usercnt  [libc.so.6]
#       2.20%  native_queued_spin_lock_slowpath  [[kernel.kallsyms]]
#       2.18%  free  [libjemalloc.so.2]
#       1.42%  flush_tlb_mm_range  [[kernel.kallsyms]]
#       1.12%  update_sd_lb_stats.constprop.0  [[kernel.kallsyms]]
#       0.68%  urcu_qsbr_synchronize_rcu  [liburcu-qsbr.so.8.2.0]
#       0.64%  cpu_util  [[kernel.kallsyms]]
#       0.62%  free_unref_folios  [[kernel.kallsyms]]
#       0.37%  pthread_mutex_trylock@plt  [libjemalloc.so.2]
#       0.36%  pthread_mutex_unlock@@GLIBC_2.2.5  [libc.so.6]
#       0.27%  __css_rstat_updated  [[kernel.kallsyms]]
#       0.21%  update_se  [[kernel.kallsyms]]
#   worker: 3.2% of process; top symbols:
#      65.78%  __GI___pthread_mutex_unlock_usercnt  [libc.so.6]
#      23.84%  [unknown]  [libjemalloc.so.2]
#       2.37%  call_rcu_thread  [liburcu-qsbr.so.8.2.0]
#       2.08%  urcu_txn_sw_free_rcu  [bench_list_scale.pin-aligned-a69be31e]
#       1.63%  pthread_mutex_trylock@@GLIBC_2.34  [libc.so.6]
#       0.53%  seg_reclaim_cb  [bench_list_scale.pin-aligned-a69be31e]
#       0.51%  free  [libjemalloc.so.2]
#       0.42%  flush_tlb_mm_range  [[kernel.kallsyms]]
#       0.41%  asm_sysvec_apic_timer_interrupt  [[kernel.kallsyms]]
#       0.29%  urcu_qsbr_synchronize_rcu  [liburcu-qsbr.so.8.2.0]
#       0.20%  asm_sysvec_call_function_single  [[kernel.kallsyms]]
#       0.18%  native_queued_spin_lock_slowpath  [[kernel.kallsyms]]
#       0.17%  pthread_mutex_trylock@plt  [libjemalloc.so.2]
#       0.10%  pthread_mutex_unlock@plt  [libjemalloc.so.2]
#   writer: 96.5% of process; top symbols:
#      34.96%  urcu_txn_sw_commit_flavor.constprop.0  [bench_list_scale.pin-aligned-a69be31e]
#      31.82%  su_write  [bench_list_scale.pin-aligned-a69be31e]
#      24.50%  urcu_slab_alloc  [bench_list_scale.pin-aligned-a69be31e]
#       3.17%  posix_memalign  [libjemalloc.so.2]
#       2.44%  [unknown]  [libjemalloc.so.2]
#       0.79%  __GI___pthread_mutex_unlock_usercnt  [libc.so.6]
#       0.44%  urcu_txn_sw_record_chain.constprop.0.isra.0  [bench_list_scale.pin-aligned-a69be31e]
#       0.21%  pthread_mutex_lock@@GLIBC_2.2.5  [libc.so.6]
#       0.21%  urcu_txn_sw_list_del_rcu  [bench_list_scale.pin-aligned-a69be31e]
#       0.20%  asm_sysvec_apic_timer_interrupt  [[kernel.kallsyms]]
#       0.16%  asm_sysvec_call_function_single  [[kernel.kallsyms]]
#       0.11%  pthread_mutex_trylock@plt  [libjemalloc.so.2]
#       0.11%  wake_call_rcu_thread  [liburcu-qsbr.so.8.2.0]
#       0.08%  sched_getcpu  [libc.so.6]
## rculist w=192 stat: 399.10 Mops/s  retries = 0  load 86.31
## rculist w=192 record: 392.15 Mops/s  retries = 0  load 97.40
## rculist writers=192: 392.15 Mops/s, 2489189726325 units, threads by role main=190, worker=194, writer=193
#   main: 0.0% of process; top symbols:
#      60.32%  native_queued_spin_lock_slowpath  [[kernel.kallsyms]]
#      14.73%  urcu_qsbr_synchronize_rcu  [liburcu-qsbr.so.8.2.0]
#       1.69%  gup_fast_fallback  [[kernel.kallsyms]]
#       1.67%  update_load_avg  [[kernel.kallsyms]]
#       1.47%  dequeue_entities  [[kernel.kallsyms]]
#       1.36%  update_sd_lb_stats.constprop.0  [[kernel.kallsyms]]
#       1.27%  [unknown]  [libjemalloc.so.2]
#       1.10%  futex_wait  [[kernel.kallsyms]]
#       1.05%  put_prev_task_fair  [[kernel.kallsyms]]
#       0.92%  srso_alias_safe_ret  [[kernel.kallsyms]]
#       0.88%  dequeue_task  [[kernel.kallsyms]]
#       0.84%  futex_q_lock  [[kernel.kallsyms]]
#       0.63%  restore_fpregs_from_fpstate  [[kernel.kallsyms]]
#       0.63%  __bitmap_and  [[kernel.kallsyms]]
#   worker: 7.4% of process; top symbols:
#      71.87%  [unknown]  [libjemalloc.so.2]
#       8.63%  pthread_mutex_trylock@@GLIBC_2.34  [libc.so.6]
#       6.87%  __GI___pthread_mutex_unlock_usercnt  [libc.so.6]
#       4.35%  free  [libjemalloc.so.2]
#       2.47%  urcu_qsbr_synchronize_rcu  [liburcu-qsbr.so.8.2.0]
#       1.24%  call_rcu_thread  [liburcu-qsbr.so.8.2.0]
#       0.80%  seg_reclaim_cb  [bench_list_scale.pin-aligned-a69be31e]
#       0.45%  pthread_mutex_trylock@plt  [libjemalloc.so.2]
#       0.45%  free@plt  [bench_list_scale.pin-aligned-a69be31e]
#       0.37%  pthread_mutex_unlock@plt  [libjemalloc.so.2]
#       0.36%  pthread_mutex_unlock@@GLIBC_2.2.5  [libc.so.6]
#       0.11%  entry_SYSRETQ_unsafe_stack  [[kernel.kallsyms]]
#       0.10%  update_se  [[kernel.kallsyms]]
#       0.09%  srso_alias_return_thunk  [[kernel.kallsyms]]
#   writer: 92.6% of process; top symbols:
#      81.05%  rl_write  [bench_list_scale.pin-aligned-a69be31e]
#       5.97%  wake_call_rcu_thread  [liburcu-qsbr.so.8.2.0]
#       5.24%  posix_memalign  [libjemalloc.so.2]
#       2.31%  writer_thread  [bench_list_scale.pin-aligned-a69be31e]
#       2.11%  [unknown]  [libjemalloc.so.2]
#       0.55%  pthread_mutex_trylock@@GLIBC_2.34  [libc.so.6]
#       0.52%  urcu_qsbr_call_rcu  [liburcu-qsbr.so.8.2.0]
#       0.32%  malloc  [libjemalloc.so.2]
#       0.28%  urcu_qsbr_get_call_rcu_data  [liburcu-qsbr.so.8.2.0]
#       0.22%  urcu_qsbr_get_cpu_call_rcu_data  [liburcu-qsbr.so.8.2.0]
#       0.17%  update_se  [[kernel.kallsyms]]
#       0.16%  sched_getcpu  [libc.so.6]
#       0.13%  __tls_get_addr  [ld-linux-x86-64.so.2]
#       0.08%  task_tick_fair  [[kernel.kallsyms]]
# end: 2026-09-28T20:25:51-04:00 97.40 30.15 14.70 1/3910 2283339
