# run_p1_writer_profile_scale.sh  2026-09-28T19:57:03-04:00
# bench HEAD 0c72128f; bench_list_scale.c sha256 37be6f39a7c4b2df
# binary ./arms-p1/bench_list_scale.pin-aligned-nodelock4 sha256 11701dfb46d09091; liburcu from urcu-txn-build-b3e23f9f
# WRITERS=1 192 WARM=4 DUR=6 LAG=4.5 WIN=4; start: 101.12 36.31 13.87 1/3928 2250400
## txn_sw_list w=1 stat: 6.24 Mops/s  retries = 0  load 85.88
## txn_sw_list w=1 record: 6.27 Mops/s  retries = 0  load 72.99
## txn_sw_list writers=1: 6.27 Mops/s, 14172476697 units, threads by role main=253, worker=5, writer=1
#   main: 2.2% of process; top symbols:
#      35.86%  native_queued_spin_lock_slowpath  [[kernel.kallsyms]]
#      22.74%  update_sd_lb_stats.constprop.0  [[kernel.kallsyms]]
#      14.43%  osq_lock  [[kernel.kallsyms]]
#       6.79%  cpu_util  [[kernel.kallsyms]]
#       3.76%  sched_balance_find_src_group  [[kernel.kallsyms]]
#       3.55%  urcu_qsbr_synchronize_rcu  [liburcu-qsbr.so.8.2.0]
#       3.28%  srso_alias_safe_ret  [[kernel.kallsyms]]
#       2.78%  entry_SYSCALL_64_after_hwframe  [[kernel.kallsyms]]
#       0.62%  __futex_hash  [[kernel.kallsyms]]
#       0.55%  entry_SYSRETQ_unsafe_stack  [[kernel.kallsyms]]
#       0.39%  mutex_lock  [[kernel.kallsyms]]
#       0.35%  srso_alias_return_thunk  [[kernel.kallsyms]]
#       0.34%  try_to_wake_up  [[kernel.kallsyms]]
#       0.29%  mutex_spin_on_owner  [[kernel.kallsyms]]
#   worker: 45.6% of process; top symbols:
#      78.71%  [unknown]  [libjemalloc.so.2]
#       6.60%  urcu_txn_sw_free_rcu  [bench_list_scale.pin-aligned-nodelock4]
#       3.94%  call_rcu_thread  [liburcu-qsbr.so.8.2.0]
#       3.69%  pthread_mutex_trylock@@GLIBC_2.34  [libc.so.6]
#       2.47%  __GI___pthread_mutex_unlock_usercnt  [libc.so.6]
#       1.62%  free  [libjemalloc.so.2]
#       0.56%  urcu_qsbr_synchronize_rcu  [liburcu-qsbr.so.8.2.0]
#       0.50%  pthread_mutex_trylock@plt  [libjemalloc.so.2]
#       0.39%  seg_reclaim_cb  [bench_list_scale.pin-aligned-nodelock4]
#       0.33%  pthread_mutex_unlock@@GLIBC_2.2.5  [libc.so.6]
#       0.32%  pthread_mutex_unlock@plt  [libjemalloc.so.2]
#       0.22%  free@plt  [bench_list_scale.pin-aligned-nodelock4]
#       0.11%  srso_alias_return_thunk  [[kernel.kallsyms]]
#       0.06%  asm_sysvec_apic_timer_interrupt  [[kernel.kallsyms]]
#   writer: 52.2% of process; top symbols:
#      27.88%  su_write  [bench_list_scale.pin-aligned-nodelock4]
#       9.51%  writer_thread  [bench_list_scale.pin-aligned-nodelock4]
#       8.67%  __tls_get_addr  [ld-linux-x86-64.so.2]
#       6.13%  urcu_txn_sw_commit_flavor.constprop.0  [bench_list_scale.pin-aligned-nodelock4]
#       6.01%  urcu_qsbr_get_call_rcu_data  [liburcu-qsbr.so.8.2.0]
#       5.82%  urcu_txn_sw_list_del_rcu  [bench_list_scale.pin-aligned-nodelock4]
#       5.82%  [unknown]  [libjemalloc.so.2]
#       4.39%  urcu_slab_alloc  [bench_list_scale.pin-aligned-nodelock4]
#       4.20%  sched_getcpu  [libc.so.6]
#       3.46%  urcu_qsbr_call_rcu  [liburcu-qsbr.so.8.2.0]
#       3.22%  pthread_mutex_lock@@GLIBC_2.2.5  [libc.so.6]
#       2.90%  posix_memalign  [libjemalloc.so.2]
#       2.04%  wake_call_rcu_thread  [liburcu-qsbr.so.8.2.0]
#       2.04%  urcu_qsbr_get_cpu_call_rcu_data  [liburcu-qsbr.so.8.2.0]
## rculist w=1 stat: 16.30 Mops/s  retries = 0  load 62.07
## rculist w=1 record: 16.18 Mops/s  retries = 0  load 48.76
## rculist writers=1: 16.18 Mops/s, 14366766263 units, threads by role main=263, worker=2, writer=1
#   main: 1.9% of process; top symbols:
#      26.79%  update_sd_lb_stats.constprop.0  [[kernel.kallsyms]]
#      26.52%  native_queued_spin_lock_slowpath  [[kernel.kallsyms]]
#      21.61%  osq_lock  [[kernel.kallsyms]]
#       5.54%  cpu_util  [[kernel.kallsyms]]
#       5.39%  urcu_qsbr_synchronize_rcu  [liburcu-qsbr.so.8.2.0]
#       4.32%  _find_next_and_bit  [[kernel.kallsyms]]
#       1.01%  pick_next_task_fair  [[kernel.kallsyms]]
#       1.00%  update_load_avg  [[kernel.kallsyms]]
#       0.88%  entry_SYSRETQ_unsafe_stack  [[kernel.kallsyms]]
#       0.83%  sched_balance_rq  [[kernel.kallsyms]]
#       0.80%  get_timespec64  [[kernel.kallsyms]]
#       0.69%  __schedule  [[kernel.kallsyms]]
#       0.32%  dequeue_entities  [[kernel.kallsyms]]
#       0.29%  try_grab_folio_fast  [[kernel.kallsyms]]
#   worker: 45.6% of process; top symbols:
#      75.47%  [unknown]  [libjemalloc.so.2]
#       8.91%  pthread_mutex_trylock@@GLIBC_2.34  [libc.so.6]
#       7.36%  __GI___pthread_mutex_unlock_usercnt  [libc.so.6]
#       3.51%  free  [libjemalloc.so.2]
#       1.11%  pthread_mutex_trylock@plt  [libjemalloc.so.2]
#       1.10%  call_rcu_thread  [liburcu-qsbr.so.8.2.0]
#       0.72%  seg_reclaim_cb  [bench_list_scale.pin-aligned-nodelock4]
#       0.49%  free@plt  [bench_list_scale.pin-aligned-nodelock4]
#       0.37%  urcu_qsbr_synchronize_rcu  [liburcu-qsbr.so.8.2.0]
#       0.34%  pthread_mutex_unlock@plt  [libjemalloc.so.2]
#       0.22%  pthread_mutex_unlock@@GLIBC_2.2.5  [libc.so.6]
#       0.06%  enqueue_hrtimer  [[kernel.kallsyms]]
#       0.06%  sched_balance_trigger  [[kernel.kallsyms]]
#       0.06%  mas_walk  [[kernel.kallsyms]]
#   writer: 52.5% of process; top symbols:
#      53.86%  rl_write  [bench_list_scale.pin-aligned-nodelock4]
#      11.82%  [unknown]  [libjemalloc.so.2]
#      11.35%  writer_thread  [bench_list_scale.pin-aligned-nodelock4]
#       6.28%  posix_memalign  [libjemalloc.so.2]
#       2.74%  malloc  [libjemalloc.so.2]
#       2.59%  urcu_qsbr_get_call_rcu_data  [liburcu-qsbr.so.8.2.0]
#       2.24%  urcu_qsbr_call_rcu  [liburcu-qsbr.so.8.2.0]
#       2.11%  urcu_qsbr_get_cpu_call_rcu_data  [liburcu-qsbr.so.8.2.0]
#       1.73%  sched_getcpu  [libc.so.6]
#       1.59%  wake_call_rcu_thread  [liburcu-qsbr.so.8.2.0]
#       0.99%  __tls_get_addr  [ld-linux-x86-64.so.2]
#       0.39%  pthread_mutex_trylock@@GLIBC_2.34  [libc.so.6]
#       0.28%  __GI___pthread_mutex_unlock_usercnt  [libc.so.6]
#       0.24%  posix_memalign@plt  [bench_list_scale.pin-aligned-nodelock4]
## txn_sw_list w=192 stat: 275.16 Mops/s  retries = 0  load 76.89
## txn_sw_list w=192 record: 275.53 Mops/s  retries = 0  load 95.59
## txn_sw_list writers=192: 275.53 Mops/s, 2812439096291 units, threads by role main=193, worker=192, writer=192
#   main: 0.0% of process; top symbols:
#      23.00%  update_sd_lb_stats.constprop.0  [[kernel.kallsyms]]
#      22.62%  cpu_util  [[kernel.kallsyms]]
#      12.56%  native_queued_spin_lock_slowpath  [[kernel.kallsyms]]
#       6.80%  _find_next_and_bit  [[kernel.kallsyms]]
#       6.66%  sched_balance_rq  [[kernel.kallsyms]]
#       3.56%  urcu_qsbr_call_rcu@plt  [bench_list_scale.pin-aligned-nodelock4]
#       3.54%  srso_alias_return_thunk  [[kernel.kallsyms]]
#       3.47%  do_nanosleep  [[kernel.kallsyms]]
#       3.47%  arch_scale_cpu_capacity  [[kernel.kallsyms]]
#       3.47%  dequeue_entities  [[kernel.kallsyms]]
#       3.47%  kmem_cache_alloc_from_sheaf_noprof  [[kernel.kallsyms]]
#       3.19%  sched_clock  [[kernel.kallsyms]]
#       1.64%  urcu_qsbr_synchronize_rcu  [liburcu-qsbr.so.8.2.0]
#       0.30%  __schedule  [[kernel.kallsyms]]
#   worker: 9.0% of process; top symbols:
#      69.83%  [unknown]  [libjemalloc.so.2]
#       9.71%  urcu_txn_sw_free_rcu  [bench_list_scale.pin-aligned-nodelock4]
#       4.60%  pthread_mutex_trylock@@GLIBC_2.34  [libc.so.6]
#       4.36%  call_rcu_thread  [liburcu-qsbr.so.8.2.0]
#       3.80%  __GI___pthread_mutex_unlock_usercnt  [libc.so.6]
#       2.25%  free  [libjemalloc.so.2]
#       1.78%  urcu_qsbr_synchronize_rcu  [liburcu-qsbr.so.8.2.0]
#       0.49%  pthread_mutex_trylock@plt  [libjemalloc.so.2]
#       0.43%  seg_reclaim_cb  [bench_list_scale.pin-aligned-nodelock4]
#       0.26%  free@plt  [bench_list_scale.pin-aligned-nodelock4]
#       0.23%  pthread_mutex_unlock@plt  [libjemalloc.so.2]
#       0.21%  pthread_mutex_unlock@@GLIBC_2.2.5  [libc.so.6]
#       0.12%  update_se  [[kernel.kallsyms]]
#       0.10%  entry_SYSRETQ_unsafe_stack  [[kernel.kallsyms]]
#   writer: 91.0% of process; top symbols:
#      37.57%  su_write  [bench_list_scale.pin-aligned-nodelock4]
#      18.79%  urcu_slab_alloc  [bench_list_scale.pin-aligned-nodelock4]
#      13.36%  urcu_txn_sw_commit_flavor.constprop.0  [bench_list_scale.pin-aligned-nodelock4]
#       8.41%  __GI___pthread_mutex_unlock_usercnt  [libc.so.6]
#       3.93%  urcu_qsbr_call_rcu@plt  [bench_list_scale.pin-aligned-nodelock4]
#       3.53%  __tls_get_addr  [ld-linux-x86-64.so.2]
#       2.45%  urcu_qsbr_get_call_rcu_data  [liburcu-qsbr.so.8.2.0]
#       2.04%  urcu_qsbr_call_rcu  [liburcu-qsbr.so.8.2.0]
#       2.00%  urcu_txn_sw_list_del_rcu  [bench_list_scale.pin-aligned-nodelock4]
#       1.91%  writer_thread  [bench_list_scale.pin-aligned-nodelock4]
#       1.24%  sched_getcpu  [libc.so.6]
#       0.94%  [unknown]  [libjemalloc.so.2]
#       0.57%  pthread_mutex_lock@@GLIBC_2.2.5  [libc.so.6]
#       0.48%  posix_memalign  [libjemalloc.so.2]
## rculist w=192 stat: 396.05 Mops/s  retries = 0  load 118.93
## rculist w=192 record: 391.11 Mops/s  retries = 0  load 151.25
## rculist writers=192: 391.11 Mops/s, 2428975740667 units, threads by role main=192, worker=192, writer=193
#   main: 0.0% of process; top symbols:
#      63.27%  native_queued_spin_lock_slowpath  [[kernel.kallsyms]]
#      19.47%  urcu_qsbr_synchronize_rcu  [liburcu-qsbr.so.8.2.0]
#       2.81%  update_sd_lb_stats.constprop.0  [[kernel.kallsyms]]
#       1.80%  update_load_avg  [[kernel.kallsyms]]
#       1.31%  __schedule  [[kernel.kallsyms]]
#       1.06%  cpu_util  [[kernel.kallsyms]]
#       0.87%  dequeue_entities  [[kernel.kallsyms]]
#       0.73%  restore_fpregs_from_fpstate  [[kernel.kallsyms]]
#       0.61%  srso_alias_safe_ret  [[kernel.kallsyms]]
#       0.60%  srso_alias_return_thunk  [[kernel.kallsyms]]
#       0.60%  __futex_wait  [[kernel.kallsyms]]
#       0.57%  _raw_spin_lock  [[kernel.kallsyms]]
#       0.51%  update_dl_rq_load_avg  [[kernel.kallsyms]]
#       0.50%  __tls_get_addr  [ld-linux-x86-64.so.2]
#   worker: 7.4% of process; top symbols:
#      71.87%  [unknown]  [libjemalloc.so.2]
#       8.60%  pthread_mutex_trylock@@GLIBC_2.34  [libc.so.6]
#       6.90%  __GI___pthread_mutex_unlock_usercnt  [libc.so.6]
#       4.29%  free  [libjemalloc.so.2]
#       2.46%  urcu_qsbr_synchronize_rcu  [liburcu-qsbr.so.8.2.0]
#       1.22%  call_rcu_thread  [liburcu-qsbr.so.8.2.0]
#       0.73%  seg_reclaim_cb  [bench_list_scale.pin-aligned-nodelock4]
#       0.54%  pthread_mutex_trylock@plt  [libjemalloc.so.2]
#       0.41%  free@plt  [bench_list_scale.pin-aligned-nodelock4]
#       0.38%  pthread_mutex_unlock@plt  [libjemalloc.so.2]
#       0.36%  pthread_mutex_unlock@@GLIBC_2.2.5  [libc.so.6]
#       0.11%  entry_SYSRETQ_unsafe_stack  [[kernel.kallsyms]]
#       0.10%  update_se  [[kernel.kallsyms]]
#       0.10%  dequeue_entities  [[kernel.kallsyms]]
#   writer: 92.5% of process; top symbols:
#      81.73%  rl_write  [bench_list_scale.pin-aligned-nodelock4]
#       5.63%  wake_call_rcu_thread  [liburcu-qsbr.so.8.2.0]
#       5.03%  posix_memalign  [libjemalloc.so.2]
#       2.27%  [unknown]  [libjemalloc.so.2]
#       1.93%  writer_thread  [bench_list_scale.pin-aligned-nodelock4]
#       0.58%  pthread_mutex_trylock@@GLIBC_2.34  [libc.so.6]
#       0.53%  urcu_qsbr_call_rcu  [liburcu-qsbr.so.8.2.0]
#       0.34%  malloc  [libjemalloc.so.2]
#       0.26%  urcu_qsbr_get_call_rcu_data  [liburcu-qsbr.so.8.2.0]
#       0.21%  urcu_qsbr_get_cpu_call_rcu_data  [liburcu-qsbr.so.8.2.0]
#       0.16%  update_se  [[kernel.kallsyms]]
#       0.15%  sched_getcpu  [libc.so.6]
#       0.13%  __tls_get_addr  [ld-linux-x86-64.so.2]
#       0.09%  task_tick_fair  [[kernel.kallsyms]]
# end: 2026-09-28T19:58:42-04:00 139.29 60.41 24.27 2/3939 2254577
