# run_p1_writecost.sh  2026-09-29T00:00:51-04:00
# bench HEAD 974609c7; bench_list_scale.c sha256 185e8564e6d75719
# binary ./arms-p1/bench_list_scale.pin-packed-18809ea8 sha256 9c3459468c666ebd; engine 18809ea8
# LIST_SIZE=10000 CHURN=200 DURATION_SEC=3 RUNS=5 MAXT=192
# start: 15.65 53.71 64.35 1/3928 2861810
## walk rculist_mutex run=1 00:00:51 load 15.65 53.71 64.35
2861815 efficios  20   0   17508  10100   3780 R  35.3   0.0   0:00.13 top
      1 root      20   0   24172  15012  10656 S   0.0   0.0   0:56.02 systemd
      2 root      20   0       0      0      0 S   0.0   0.0   0:02.79 kthreadd
## walk txn_mutex run=1 00:01:29 load 37.83 54.00 63.96
2863319 efficios  20   0   17508  10096   3800 R  35.3   0.0   0:00.13 top
  83812 libvirt+  20   0  151.7g  19.9g  31868 S   5.9   2.6    5d+11h qemu-sy+
      1 root      20   0   24172  15012  10656 S   0.0   0.0   0:56.02 systemd
## scattered rculist_mutex run=1 00:02:06 load 45.23 53.69 63.46
2864834 efficios  20   0   17508  10156   3860 R  41.2   0.0   0:00.14 top
  83812 libvirt+  20   0  151.7g  19.9g  31868 S  17.6   2.6    5d+11h qemu-sy+
      1 root      20   0   24172  15012  10656 S   0.0   0.0   0:56.02 systemd
## scattered txn_mutex run=1 00:02:43 load 55.11 54.53 63.29
2866334 efficios  20   0   17508  10076   3780 R  47.1   0.0   0:00.14 top
      1 root      20   0   24172  15012  10656 S   0.0   0.0   0:56.02 systemd
      2 root      20   0       0      0      0 S   0.0   0.0   0:02.79 kthreadd
## walk txn_mutex run=2 00:03:20 load 57.24 54.73 63.01
2867837 efficios  20   0   17508  10144   3852 R  41.2   0.0   0:00.14 top
  83812 libvirt+  20   0  151.7g  19.9g  31868 S   5.9   2.6    5d+11h qemu-sy+
      1 root      20   0   24172  15012  10656 S   0.0   0.0   0:56.02 systemd
## walk rculist_mutex run=2 00:03:57 load 66.81 56.44 63.22
2869339 efficios  20   0   17508  10176   3884 R  35.3   0.0   0:00.13 top
  83812 libvirt+  20   0  151.7g  19.9g  31868 S   5.9   2.6    5d+11h qemu-sy+
      1 root      20   0   24172  15012  10656 S   0.0   0.0   0:56.02 systemd
## scattered txn_mutex run=2 00:04:35 load 61.83 55.89 62.72
2870840 efficios  20   0   17508  10140   3848 R  47.1   0.0   0:00.14 top
1442987 root      20   0       0      0      0 I   5.9   0.0   0:06.98 kworker+
      1 root      20   0   24172  15012  10656 S   0.0   0.0   0:56.02 systemd
## scattered rculist_mutex run=2 00:05:12 load 71.90 58.04 63.13
2872350 efficios  20   0   17508  10076   3780 R  41.2   0.0   0:00.14 top
  83812 libvirt+  20   0  151.7g  19.9g  31868 S   5.9   2.6    5d+11h qemu-sy+
      1 root      20   0   24172  15012  10656 S   0.0   0.0   0:56.02 systemd
## walk rculist_mutex run=3 00:05:50 load 66.73 57.80 62.79
2873852 efficios  20   0   17508  10156   3860 R  41.2   0.0   0:00.14 top
      1 root      20   0   24172  15012  10656 S   5.9   0.0   0:56.03 systemd
  83812 libvirt+  20   0  151.7g  19.9g  31868 S   5.9   2.6    5d+11h qemu-sy+
## walk txn_mutex run=3 00:06:27 load 76.50 60.21 63.35
2875354 efficios  20   0   17508  10080   3788 R  44.4   0.0   0:00.15 top
  83812 libvirt+  20   0  151.7g  19.9g  31868 S   5.6   2.6    5d+11h qemu-sy+
      1 root      20   0   24172  15012  10656 S   0.0   0.0   0:56.03 systemd
## scattered rculist_mutex run=3 00:07:04 load 69.03 59.68 63.00
2876858 efficios  20   0   17508  10012   3716 R  33.3   0.0   0:00.14 top
  83812 libvirt+  20   0  151.7g  19.9g  31868 S   5.6   2.6    5d+11h qemu-sy+
      1 root      20   0   24172  15012  10656 S   0.0   0.0   0:56.03 systemd
## scattered txn_mutex run=3 00:07:42 load 62.69 58.76 62.55
2878363 efficios  20   0   17508  10116   3824 R  38.9   0.0   0:00.14 top
  83812 libvirt+  20   0  151.7g  19.9g  31868 S  11.1   2.6    5d+11h qemu-sy+
      1 root      20   0   24172  15012  10656 S   0.0   0.0   0:56.03 systemd
## walk txn_mutex run=4 00:08:19 load 64.04 58.95 62.41
2879869 efficios  20   0   17508  10028   3736 R  41.2   0.0   0:00.14 top
   5061 root      20   0   18600   8244   7080 S   5.9   0.0   0:32.60 systemd+
      1 root      20   0   24172  15012  10656 S   0.0   0.0   0:56.03 systemd
## walk rculist_mutex run=4 00:08:56 load 62.12 58.63 62.16
2881371 efficios  20   0   17508  10144   3848 R  41.2   0.0   0:00.14 top
1225116 root      20   0       0      0      0 I   5.9   0.0   0:03.25 kworker+
4157800 root      20   0       0      0      0 I   5.9   0.0   0:04.49 kworker+
## scattered txn_mutex run=4 00:09:33 load 69.52 59.91 62.40
2882908 efficios  20   0   17508  10144   3852 R  41.2   0.0   0:00.14 top
  83812 libvirt+  20   0  151.7g  19.9g  31868 S   5.9   2.6    5d+11h qemu-sy+
      1 root      20   0   24172  15012  10656 S   0.0   0.0   0:56.04 systemd
## scattered rculist_mutex run=4 00:10:10 load 61.99 58.59 61.81
2884417 efficios  20   0   17508  10148   3852 R  41.2   0.0   0:00.14 top
  83812 libvirt+  20   0  151.7g  19.9g  31868 S  11.8   2.6    5d+11h qemu-sy+
      1 root      20   0   24172  15012  10656 S   0.0   0.0   0:56.04 systemd
## walk rculist_mutex run=5 00:10:48 load 72.06 60.45 62.26
2885918 efficios  20   0   17508  10116   3824 R  33.3   0.0   0:00.14 top
  83812 libvirt+  20   0  151.7g  19.9g  31868 S   5.6   2.6    5d+11h qemu-sy+
 881336 root      20   0       0      0      0 I   5.6   0.0   0:05.27 kworker+
## walk txn_mutex run=5 00:11:25 load 66.76 59.89 61.95
2887419 efficios  20   0   17508  10148   3852 R  41.2   0.0   0:00.14 top
  83812 libvirt+  20   0  151.7g  19.9g  31868 S  17.6   2.6    5d+11h qemu-sy+
1442987 root      20   0       0      0      0 I   5.9   0.0   0:06.99 kworker+
## scattered rculist_mutex run=5 00:12:02 load 74.53 61.57 62.38
2888921 efficios  20   0   17508  10156   3860 R  38.9   0.0   0:00.14 top
  83812 libvirt+  20   0  151.7g  19.9g  31868 S   5.6   2.6    5d+11h qemu-sy+
      1 root      20   0   24172  15012  10656 S   0.0   0.0   0:56.04 systemd
## scattered txn_mutex run=5 00:12:40 load 68.23 60.91 62.09
2890428 efficios  20   0   17508  10160   3868 R  41.2   0.0   0:00.14 top
   2804 root      20   0       0      0      0 S   5.9   0.0   0:30.02 kcompac+
1483652 root      20   0       0      0      0 I   5.9   0.0   0:03.68 kworker+
# end: 2026-09-29T00:13:17-04:00 62.09 59.82 61.66 1/3891 2891929
