# run_p1_writer_profile_scale.sh  2026-09-28T20:25:51-04:00
# bench HEAD 0c72128f; bench_list_scale.c sha256 37be6f39a7c4b2df
# binary ./arms-p1/bench_list_scale.pin-aligned-a69be31e-slabbatch sha256 d5e1d53e5fa06caf; liburcu from urcu-txn-build-a69be31e
# WRITERS=1 192 WARM=4 DUR=6 LAG=4.5 WIN=4; start: 97.40 30.15 14.70 1/3910 2283360
## txn_sw_list w=1 stat: 9.50 Mops/s  retries = 0  load 82.66
## txn_sw_list w=1 record: 9.07 Mops/s  retries = 0  load 64.79
## txn_sw_list writers=1: 9.07 Mops/s, 14241699852 units, threads by role main=257, worker=1, writer=1
#   main: 1.7% of process; top symbols:
#      36.74%  update_sd_lb_stats.constprop.0  [[kernel.kallsyms]]
#      17.93%  native_queued_spin_lock_slowpath  [[kernel.kallsyms]]
#      14.84%  osq_lock  [[kernel.kallsyms]]
#      10.02%  cpu_util  [[kernel.kallsyms]]
#       5.88%  urcu_qsbr_synchronize_rcu  [liburcu-qsbr.so.8.2.0]
#       3.30%  _find_next_and_bit  [[kernel.kallsyms]]
#       3.27%  do_futex  [[kernel.kallsyms]]
#       0.55%  futex_wait_setup  [[kernel.kallsyms]]
#       0.54%  gup_fast_fallback  [[kernel.kallsyms]]
#       0.44%  dequeue_entities  [[kernel.kallsyms]]
#       0.34%  srso_alias_return_thunk  [[kernel.kallsyms]]
#       0.33%  psi_task_switch  [[kernel.kallsyms]]
#       0.28%  srso_alias_safe_ret  [[kernel.kallsyms]]
#       0.27%  __schedule  [[kernel.kallsyms]]
#   worker: 25.8% of process; top symbols:
#      76.43%  [unknown]  [libjemalloc.so.2]
#       7.78%  __GI___pthread_mutex_unlock_usercnt  [libc.so.6]
#       6.31%  pthread_mutex_trylock@@GLIBC_2.34  [libc.so.6]
#       3.59%  free  [libjemalloc.so.2]
#       1.83%  call_rcu_thread  [liburcu-qsbr.so.8.2.0]
#       1.43%  urcu_qsbr_synchronize_rcu  [liburcu-qsbr.so.8.2.0]
#       0.49%  seg_reclaim_cb  [bench_list_scale.pin-aligned-a69be31e-slabbatch]
#       0.48%  pthread_mutex_trylock@plt  [libjemalloc.so.2]
#       0.41%  pthread_mutex_unlock@plt  [libjemalloc.so.2]
#       0.28%  pthread_mutex_unlock@@GLIBC_2.2.5  [libc.so.6]
#       0.20%  free@plt  [bench_list_scale.pin-aligned-a69be31e-slabbatch]
#       0.17%  __irqentry_text_end  [[kernel.kallsyms]]
#       0.10%  avg_vruntime  [[kernel.kallsyms]]
#       0.10%  pick_task_fair  [[kernel.kallsyms]]
#   writer: 72.5% of process; top symbols:
#      21.38%  su_write  [bench_list_scale.pin-aligned-a69be31e-slabbatch]
#      16.81%  [unknown]  [libjemalloc.so.2]
#      14.52%  urcu_txn_sw_commit_flavor.constprop.0  [bench_list_scale.pin-aligned-a69be31e-slabbatch]
#       7.80%  urcu_txn_sw_record_chain.constprop.0.isra.0  [bench_list_scale.pin-aligned-a69be31e-slabbatch]
#       5.56%  urcu_qsbr_get_cpu_call_rcu_data  [liburcu-qsbr.so.8.2.0]
#       5.17%  urcu_slab_alloc  [bench_list_scale.pin-aligned-a69be31e-slabbatch]
#       4.81%  urcu_slab_free_pending  [bench_list_scale.pin-aligned-a69be31e-slabbatch]
#       3.66%  posix_memalign  [libjemalloc.so.2]
#       3.58%  writer_thread  [bench_list_scale.pin-aligned-a69be31e-slabbatch]
#       3.41%  pthread_mutex_lock@@GLIBC_2.2.5  [libc.so.6]
#       3.16%  urcu_txn_sw_list_del_rcu  [bench_list_scale.pin-aligned-a69be31e-slabbatch]
#       2.02%  __GI___pthread_mutex_unlock_usercnt  [libc.so.6]
#       1.42%  sched_getcpu  [libc.so.6]
#       1.38%  malloc  [libjemalloc.so.2]
## rculist w=1 stat: 16.09 Mops/s  retries = 0  load 55.21
## rculist w=1 record: 16.27 Mops/s  retries = 0  load 47.03
## rculist writers=1: 16.27 Mops/s, 14403761274 units, threads by role main=267, worker=2, writer=1
#   main: 2.2% of process; top symbols:
#      34.30%  osq_lock  [[kernel.kallsyms]]
#      25.53%  native_queued_spin_lock_slowpath  [[kernel.kallsyms]]
#      12.12%  update_sd_lb_stats.constprop.0  [[kernel.kallsyms]]
#       5.80%  urcu_qsbr_synchronize_rcu  [liburcu-qsbr.so.8.2.0]
#       4.85%  cpu_util  [[kernel.kallsyms]]
#       2.89%  srso_alias_safe_ret  [[kernel.kallsyms]]
#       2.43%  perf_pmu_nop_void  [[kernel.kallsyms]]
#       2.43%  sched_clock  [[kernel.kallsyms]]
#       0.76%  pick_next_task_fair  [[kernel.kallsyms]]
#       0.70%  update_load_avg  [[kernel.kallsyms]]
#       0.67%  __schedule  [[kernel.kallsyms]]
#       0.62%  native_write_msr  [[kernel.kallsyms]]
#       0.61%  hrtimer_start_range_ns  [[kernel.kallsyms]]
#       0.61%  srso_alias_return_thunk  [[kernel.kallsyms]]
#   worker: 46.1% of process; top symbols:
#      76.75%  [unknown]  [libjemalloc.so.2]
#       7.73%  pthread_mutex_trylock@@GLIBC_2.34  [libc.so.6]
#       6.26%  __GI___pthread_mutex_unlock_usercnt  [libc.so.6]
#       4.43%  free  [libjemalloc.so.2]
#       1.03%  call_rcu_thread  [liburcu-qsbr.so.8.2.0]
#       0.85%  pthread_mutex_unlock@plt  [libjemalloc.so.2]
#       0.75%  seg_reclaim_cb  [bench_list_scale.pin-aligned-a69be31e-slabbatch]
#       0.60%  pthread_mutex_trylock@plt  [libjemalloc.so.2]
#       0.43%  pthread_mutex_unlock@@GLIBC_2.2.5  [libc.so.6]
#       0.17%  free@plt  [bench_list_scale.pin-aligned-a69be31e-slabbatch]
#       0.16%  urcu_qsbr_synchronize_rcu  [liburcu-qsbr.so.8.2.0]
#       0.06%  update_rq_clock  [[kernel.kallsyms]]
#       0.06%  _raw_spin_lock  [[kernel.kallsyms]]
#       0.06%  smp_call_function_single_async  [[kernel.kallsyms]]
#   writer: 51.7% of process; top symbols:
#      51.44%  rl_write  [bench_list_scale.pin-aligned-a69be31e-slabbatch]
#      11.53%  writer_thread  [bench_list_scale.pin-aligned-a69be31e-slabbatch]
#      11.48%  [unknown]  [libjemalloc.so.2]
#       7.33%  posix_memalign  [libjemalloc.so.2]
#       3.29%  malloc  [libjemalloc.so.2]
#       2.44%  urcu_qsbr_get_call_rcu_data  [liburcu-qsbr.so.8.2.0]
#       2.15%  urcu_qsbr_call_rcu  [liburcu-qsbr.so.8.2.0]
#       2.03%  wake_call_rcu_thread  [liburcu-qsbr.so.8.2.0]
#       1.78%  sched_getcpu  [libc.so.6]
#       1.63%  urcu_qsbr_get_cpu_call_rcu_data  [liburcu-qsbr.so.8.2.0]
#       1.10%  __tls_get_addr  [ld-linux-x86-64.so.2]
#       0.62%  urcu_qsbr_get_call_rcu_data@plt  [liburcu-qsbr.so.8.2.0]
#       0.39%  __GI___pthread_mutex_unlock_usercnt  [libc.so.6]
#       0.34%  urcu_qsbr_get_cpu_call_rcu_data@plt  [liburcu-qsbr.so.8.2.0]
## txn_sw_list w=192 stat: 10.12 Mops/s  retries = 0  load 69.79
## txn_sw_list w=192 record: 10.08 Mops/s  retries = 0  load 81.79
## txn_sw_list writers=192: 10.08 Mops/s, 1991212104478 units, threads by role main=303, worker=82, writer=192
#   main: 0.5% of process; top symbols:
#      36.79%  [unknown]  [libjemalloc.so.2]
#      28.47%  urcu_qsbr_synchronize_rcu  [liburcu-qsbr.so.8.2.0]
#       3.83%  pthread_mutex_trylock@@GLIBC_2.34  [libc.so.6]
#       3.48%  __GI___pthread_mutex_unlock_usercnt  [libc.so.6]
#       1.93%  free  [libjemalloc.so.2]
#       1.62%  entry_SYSRETQ_unsafe_stack  [[kernel.kallsyms]]
#       1.22%  do_sys_poll  [[kernel.kallsyms]]
#       0.95%  dequeue_entities  [[kernel.kallsyms]]
#       0.88%  native_queued_spin_lock_slowpath  [[kernel.kallsyms]]
#       0.77%  restore_fpregs_from_fpstate  [[kernel.kallsyms]]
#       0.67%  __futex_hash  [[kernel.kallsyms]]
#       0.52%  srso_alias_return_thunk  [[kernel.kallsyms]]
#       0.51%  save_fpregs_to_fpstate  [[kernel.kallsyms]]
#       0.46%  futex_wake_mark  [[kernel.kallsyms]]
#   worker: 0.4% of process; top symbols:
#      38.67%  [unknown]  [libjemalloc.so.2]
#      27.25%  urcu_qsbr_synchronize_rcu  [liburcu-qsbr.so.8.2.0]
#       4.07%  pthread_mutex_trylock@@GLIBC_2.34  [libc.so.6]
#       3.02%  __GI___pthread_mutex_unlock_usercnt  [libc.so.6]
#       2.12%  call_rcu_thread  [liburcu-qsbr.so.8.2.0]
#       2.11%  free  [libjemalloc.so.2]
#       1.51%  entry_SYSRETQ_unsafe_stack  [[kernel.kallsyms]]
#       1.19%  do_sys_poll  [[kernel.kallsyms]]
#       0.78%  restore_fpregs_from_fpstate  [[kernel.kallsyms]]
#       0.65%  seg_reclaim_cb  [bench_list_scale.pin-aligned-a69be31e-slabbatch]
#       0.65%  futex_wake_mark  [[kernel.kallsyms]]
#       0.63%  urcu_txn_sw_free_rcu  [bench_list_scale.pin-aligned-a69be31e-slabbatch]
#       0.63%  dequeue_entities  [[kernel.kallsyms]]
#       0.56%  srso_alias_return_thunk  [[kernel.kallsyms]]
#   writer: 99.1% of process; top symbols:
#      34.18%  urcu_txn_sw_commit_flavor.constprop.0  [bench_list_scale.pin-aligned-a69be31e-slabbatch]
#      29.86%  su_write  [bench_list_scale.pin-aligned-a69be31e-slabbatch]
#      23.09%  urcu_slab_alloc  [bench_list_scale.pin-aligned-a69be31e-slabbatch]
#       3.65%  posix_memalign  [libjemalloc.so.2]
#       3.05%  urcu_slab_free_pending  [bench_list_scale.pin-aligned-a69be31e-slabbatch]
#       2.17%  [unknown]  [libjemalloc.so.2]
#       0.96%  wake_call_rcu_thread  [liburcu-qsbr.so.8.2.0]
#       0.77%  __GI___pthread_mutex_unlock_usercnt  [libc.so.6]
#       0.35%  urcu_txn_sw_record_chain.constprop.0.isra.0  [bench_list_scale.pin-aligned-a69be31e-slabbatch]
#       0.34%  asm_sysvec_apic_timer_interrupt  [[kernel.kallsyms]]
#       0.21%  pthread_mutex_lock@@GLIBC_2.2.5  [libc.so.6]
#       0.19%  asm_sysvec_call_function_single  [[kernel.kallsyms]]
#       0.16%  urcu_txn_sw_list_del_rcu  [bench_list_scale.pin-aligned-a69be31e-slabbatch]
#       0.12%  pthread_mutex_trylock@plt  [libjemalloc.so.2]
## rculist w=192 stat: 398.40 Mops/s  retries = 0  load 102.62
## rculist w=192 record: 393.11 Mops/s  retries = 0  load 113.87
## rculist writers=192: 393.11 Mops/s, 2505341648877 units, threads by role main=193, worker=191, writer=193
#   main: 0.0% of process; top symbols:
#      64.99%  [unknown]  [libjemalloc.so.2]
#       9.85%  pthread_mutex_trylock@@GLIBC_2.34  [libc.so.6]
#       5.25%  __GI___pthread_mutex_unlock_usercnt  [libc.so.6]
#       4.85%  native_queued_spin_lock_slowpath  [[kernel.kallsyms]]
#       4.06%  free  [libjemalloc.so.2]
#       3.87%  urcu_qsbr_synchronize_rcu  [liburcu-qsbr.so.8.2.0]
#       0.87%  gup_fast_fallback  [[kernel.kallsyms]]
#       0.82%  __futex_hash  [[kernel.kallsyms]]
#       0.76%  pthread_mutex_trylock@plt  [libjemalloc.so.2]
#       0.74%  entry_SYSRETQ_unsafe_stack  [[kernel.kallsyms]]
#       0.67%  srso_alias_return_thunk  [[kernel.kallsyms]]
#       0.42%  do_syscall_64  [[kernel.kallsyms]]
#       0.41%  perf_pmu_nop_void  [[kernel.kallsyms]]
#       0.41%  __hrtimer_run_queues  [[kernel.kallsyms]]
#   worker: 7.3% of process; top symbols:
#      71.73%  [unknown]  [libjemalloc.so.2]
#       8.44%  pthread_mutex_trylock@@GLIBC_2.34  [libc.so.6]
#       7.05%  __GI___pthread_mutex_unlock_usercnt  [libc.so.6]
#       4.39%  free  [libjemalloc.so.2]
#       2.56%  urcu_qsbr_synchronize_rcu  [liburcu-qsbr.so.8.2.0]
#       1.11%  call_rcu_thread  [liburcu-qsbr.so.8.2.0]
#       0.82%  seg_reclaim_cb  [bench_list_scale.pin-aligned-a69be31e-slabbatch]
#       0.51%  pthread_mutex_trylock@plt  [libjemalloc.so.2]
#       0.46%  free@plt  [bench_list_scale.pin-aligned-a69be31e-slabbatch]
#       0.37%  pthread_mutex_unlock@@GLIBC_2.2.5  [libc.so.6]
#       0.36%  pthread_mutex_unlock@plt  [libjemalloc.so.2]
#       0.10%  entry_SYSRETQ_unsafe_stack  [[kernel.kallsyms]]
#       0.09%  dequeue_entities  [[kernel.kallsyms]]
#       0.09%  update_se  [[kernel.kallsyms]]
#   writer: 92.7% of process; top symbols:
#      81.12%  rl_write  [bench_list_scale.pin-aligned-a69be31e-slabbatch]
#       5.95%  wake_call_rcu_thread  [liburcu-qsbr.so.8.2.0]
#       5.29%  posix_memalign  [libjemalloc.so.2]
#       2.16%  [unknown]  [libjemalloc.so.2]
#       2.03%  writer_thread  [bench_list_scale.pin-aligned-a69be31e-slabbatch]
#       0.58%  pthread_mutex_trylock@@GLIBC_2.34  [libc.so.6]
#       0.52%  urcu_qsbr_call_rcu  [liburcu-qsbr.so.8.2.0]
#       0.37%  malloc  [libjemalloc.so.2]
#       0.29%  urcu_qsbr_get_call_rcu_data  [liburcu-qsbr.so.8.2.0]
#       0.23%  urcu_qsbr_get_cpu_call_rcu_data  [liburcu-qsbr.so.8.2.0]
#       0.17%  update_se  [[kernel.kallsyms]]
#       0.16%  sched_getcpu  [libc.so.6]
#       0.14%  __tls_get_addr  [ld-linux-x86-64.so.2]
#       0.08%  task_tick_fair  [[kernel.kallsyms]]
# end: 2026-09-28T20:27:29-04:00 104.91 46.92 21.94 1/3917 2287529
