# run_p1_writer_profile_scale.sh  2026-09-28T17:49:31-04:00
# bench HEAD 0c72128f; bench_list_scale.c sha256 37be6f39a7c4b2df
# binary ./arms-p1/bench_list_scale.pin-aligned-nodelock4 sha256 11701dfb46d09091
# WRITERS=1 192 WARM=4 DUR=6 LAG=4.5 WIN=4; start: 38.81 59.44 65.02 1/3945 2210873
## txn_sw_list w=1 stat: 6.22 Mops/s  retries = 0  load 33.15
## txn_sw_list w=1 record: 6.11 Mops/s  retries = 0  load 28.36
## txn_sw_list writers=1: 6.11 Mops/s, 14071397216 units, threads by role main=251, worker=4, writer=1
#   main: 1.5% of process; top symbols:
#      31.50%  update_sd_lb_stats.constprop.0  [[kernel.kallsyms]]
#      12.64%  native_queued_spin_lock_slowpath  [[kernel.kallsyms]]
#      11.29%  urcu_qsbr_synchronize_rcu  [liburcu-qsbr.so.8.2.0]
#       6.86%  cpu_util  [[kernel.kallsyms]]
#       5.74%  srso_alias_return_thunk  [[kernel.kallsyms]]
#       5.38%  osq_lock  [[kernel.kallsyms]]
#       5.18%  _find_next_and_bit  [[kernel.kallsyms]]
#       3.99%  psi_task_switch  [[kernel.kallsyms]]
#       3.82%  srso_alias_safe_ret  [[kernel.kallsyms]]
#       2.18%  __vdso_clock_gettime  [[vdso]]
#       2.11%  hrtimer_start_range_ns  [[kernel.kallsyms]]
#       0.99%  idle_cpu  [[kernel.kallsyms]]
#       0.99%  __update_load_avg_cfs_rq  [[kernel.kallsyms]]
#       0.75%  __futex_hash  [[kernel.kallsyms]]
#   worker: 47.5% of process; top symbols:
#      79.53%  [unknown]  [libjemalloc.so.2]
#       7.03%  urcu_txn_sw_free_rcu  [bench_list_scale.pin-aligned-nodelock4]
#       3.41%  call_rcu_thread  [liburcu-qsbr.so.8.2.0]
#       3.38%  __GI___pthread_mutex_unlock_usercnt  [libc.so.6]
#       3.04%  pthread_mutex_trylock@@GLIBC_2.34  [libc.so.6]
#       1.53%  free  [libjemalloc.so.2]
#       0.43%  pthread_mutex_trylock@plt  [libjemalloc.so.2]
#       0.26%  seg_reclaim_cb  [bench_list_scale.pin-aligned-nodelock4]
#       0.21%  pthread_mutex_unlock@@GLIBC_2.2.5  [libc.so.6]
#       0.21%  urcu_qsbr_synchronize_rcu  [liburcu-qsbr.so.8.2.0]
#       0.16%  pthread_mutex_unlock@plt  [libjemalloc.so.2]
#       0.11%  free@plt  [bench_list_scale.pin-aligned-nodelock4]
#       0.06%  blk_stat_timer_fn  [[kernel.kallsyms]]
#       0.06%  __rdgsbase_inactive  [[kernel.kallsyms]]
#   writer: 51.1% of process; top symbols:
#      27.27%  su_write  [bench_list_scale.pin-aligned-nodelock4]
#      10.32%  writer_thread  [bench_list_scale.pin-aligned-nodelock4]
#       8.57%  __tls_get_addr  [ld-linux-x86-64.so.2]
#       6.56%  urcu_txn_sw_commit_flavor.constprop.0  [bench_list_scale.pin-aligned-nodelock4]
#       6.14%  urcu_txn_sw_list_del_rcu  [bench_list_scale.pin-aligned-nodelock4]
#       5.82%  urcu_qsbr_get_call_rcu_data  [liburcu-qsbr.so.8.2.0]
#       5.20%  [unknown]  [libjemalloc.so.2]
#       5.06%  sched_getcpu  [libc.so.6]
#       3.82%  urcu_slab_alloc  [bench_list_scale.pin-aligned-nodelock4]
#       3.55%  pthread_mutex_lock@@GLIBC_2.2.5  [libc.so.6]
#       2.73%  posix_memalign  [libjemalloc.so.2]
#       2.66%  urcu_qsbr_call_rcu  [liburcu-qsbr.so.8.2.0]
#       2.39%  urcu_qsbr_get_cpu_call_rcu_data  [liburcu-qsbr.so.8.2.0]
#       2.03%  __GI___pthread_mutex_unlock_usercnt  [libc.so.6]
## rculist w=1 stat: 16.26 Mops/s  retries = 0  load 24.23
## rculist w=1 record: 15.95 Mops/s  retries = 0  load 20.89
## rculist writers=1: 15.95 Mops/s, 14225077932 units, threads by role main=260, worker=2, writer=1
#   main: 1.9% of process; top symbols:
#      20.08%  update_sd_lb_stats.constprop.0  [[kernel.kallsyms]]
#      18.05%  osq_lock  [[kernel.kallsyms]]
#      10.36%  native_queued_spin_lock_slowpath  [[kernel.kallsyms]]
#       7.35%  idle_cpu  [[kernel.kallsyms]]
#       6.56%  urcu_qsbr_synchronize_rcu  [liburcu-qsbr.so.8.2.0]
#       5.09%  cpu_util  [[kernel.kallsyms]]
#       3.63%  pick_next_task_fair  [[kernel.kallsyms]]
#       3.51%  perf_ctx_disable  [[kernel.kallsyms]]
#       3.27%  __update_idle_core  [[kernel.kallsyms]]
#       3.27%  hrtimer_nanosleep  [[kernel.kallsyms]]
#       2.90%  futex_hash_put  [[kernel.kallsyms]]
#       1.42%  mutex_spin_on_owner  [[kernel.kallsyms]]
#       1.26%  entry_SYSRETQ_unsafe_stack  [[kernel.kallsyms]]
#       0.86%  srso_alias_return_thunk  [[kernel.kallsyms]]
#   worker: 45.4% of process; top symbols:
#      73.32%  [unknown]  [libjemalloc.so.2]
#       9.28%  pthread_mutex_trylock@@GLIBC_2.34  [libc.so.6]
#       7.70%  __GI___pthread_mutex_unlock_usercnt  [libc.so.6]
#       4.71%  free  [libjemalloc.so.2]
#       1.38%  call_rcu_thread  [liburcu-qsbr.so.8.2.0]
#       1.10%  pthread_mutex_trylock@plt  [libjemalloc.so.2]
#       0.72%  seg_reclaim_cb  [bench_list_scale.pin-aligned-nodelock4]
#       0.47%  pthread_mutex_unlock@@GLIBC_2.2.5  [libc.so.6]
#       0.44%  pthread_mutex_unlock@plt  [libjemalloc.so.2]
#       0.17%  free@plt  [bench_list_scale.pin-aligned-nodelock4]
#       0.11%  vruntime_eligible  [[kernel.kallsyms]]
#       0.10%  urcu_qsbr_synchronize_rcu  [liburcu-qsbr.so.8.2.0]
#       0.06%  __timekeeping_advance.constprop.0  [[kernel.kallsyms]]
#       0.06%  __update_load_avg_se  [[kernel.kallsyms]]
#   writer: 52.7% of process; top symbols:
#      52.60%  rl_write  [bench_list_scale.pin-aligned-nodelock4]
#      12.62%  writer_thread  [bench_list_scale.pin-aligned-nodelock4]
#      12.20%  [unknown]  [libjemalloc.so.2]
#       6.06%  posix_memalign  [libjemalloc.so.2]
#       3.12%  urcu_qsbr_call_rcu  [liburcu-qsbr.so.8.2.0]
#       2.31%  wake_call_rcu_thread  [liburcu-qsbr.so.8.2.0]
#       2.24%  malloc  [libjemalloc.so.2]
#       1.99%  urcu_qsbr_get_call_rcu_data  [liburcu-qsbr.so.8.2.0]
#       1.42%  urcu_qsbr_get_cpu_call_rcu_data  [liburcu-qsbr.so.8.2.0]
#       1.34%  __tls_get_addr  [ld-linux-x86-64.so.2]
#       1.11%  sched_getcpu  [libc.so.6]
#       0.56%  urcu_qsbr_get_call_rcu_data@plt  [liburcu-qsbr.so.8.2.0]
#       0.40%  urcu_qsbr_get_cpu_call_rcu_data@plt  [liburcu-qsbr.so.8.2.0]
#       0.38%  malloc@plt  [bench_list_scale.pin-aligned-nodelock4]
## txn_sw_list w=192 stat: 278.18 Mops/s  retries = 0  load 52.48
## txn_sw_list w=192 record: 269.31 Mops/s  retries = 0  load 79.99
## txn_sw_list writers=192: 269.31 Mops/s, 2812950921557 units, threads by role main=191, worker=194, writer=192
#   main: 0.0% of process; top symbols:
#      24.70%  update_sd_lb_stats.constprop.0  [[kernel.kallsyms]]
#      21.86%  cpu_util  [[kernel.kallsyms]]
#       7.91%  _find_next_and_bit  [[kernel.kallsyms]]
#       7.45%  sched_balance_rq  [[kernel.kallsyms]]
#       7.18%  native_queued_spin_lock_slowpath  [[kernel.kallsyms]]
#       5.10%  srso_alias_safe_ret  [[kernel.kallsyms]]
#       4.37%  srso_alias_return_thunk  [[kernel.kallsyms]]
#       3.04%  arch_scale_cpu_capacity  [[kernel.kallsyms]]
#       2.18%  schedule  [[kernel.kallsyms]]
#       2.13%  update_cfs_rq_load_avg  [[kernel.kallsyms]]
#       2.13%  raw_spin_rq_lock_nested  [[kernel.kallsyms]]
#       2.13%  futex_wake_mark  [[kernel.kallsyms]]
#       2.13%  uncharge_folio  [[kernel.kallsyms]]
#       1.52%  native_sched_clock  [[kernel.kallsyms]]
#   worker: 9.1% of process; top symbols:
#      70.53%  [unknown]  [libjemalloc.so.2]
#       9.70%  urcu_txn_sw_free_rcu  [bench_list_scale.pin-aligned-nodelock4]
#       4.43%  pthread_mutex_trylock@@GLIBC_2.34  [libc.so.6]
#       4.24%  call_rcu_thread  [liburcu-qsbr.so.8.2.0]
#       3.63%  __GI___pthread_mutex_unlock_usercnt  [libc.so.6]
#       2.18%  free  [libjemalloc.so.2]
#       1.74%  urcu_qsbr_synchronize_rcu  [liburcu-qsbr.so.8.2.0]
#       0.47%  seg_reclaim_cb  [bench_list_scale.pin-aligned-nodelock4]
#       0.45%  pthread_mutex_trylock@plt  [libjemalloc.so.2]
#       0.26%  free@plt  [bench_list_scale.pin-aligned-nodelock4]
#       0.22%  pthread_mutex_unlock@@GLIBC_2.2.5  [libc.so.6]
#       0.18%  pthread_mutex_unlock@plt  [libjemalloc.so.2]
#       0.15%  update_se  [[kernel.kallsyms]]
#       0.09%  entry_SYSRETQ_unsafe_stack  [[kernel.kallsyms]]
#   writer: 90.9% of process; top symbols:
#      39.15%  su_write  [bench_list_scale.pin-aligned-nodelock4]
#      18.47%  urcu_slab_alloc  [bench_list_scale.pin-aligned-nodelock4]
#      12.93%  urcu_txn_sw_commit_flavor.constprop.0  [bench_list_scale.pin-aligned-nodelock4]
#       8.31%  __GI___pthread_mutex_unlock_usercnt  [libc.so.6]
#       3.78%  urcu_qsbr_call_rcu@plt  [bench_list_scale.pin-aligned-nodelock4]
#       3.36%  __tls_get_addr  [ld-linux-x86-64.so.2]
#       2.40%  urcu_qsbr_get_call_rcu_data  [liburcu-qsbr.so.8.2.0]
#       1.97%  urcu_txn_sw_list_del_rcu  [bench_list_scale.pin-aligned-nodelock4]
#       1.95%  urcu_qsbr_call_rcu  [liburcu-qsbr.so.8.2.0]
#       1.74%  writer_thread  [bench_list_scale.pin-aligned-nodelock4]
#       1.24%  sched_getcpu  [libc.so.6]
#       0.93%  [unknown]  [libjemalloc.so.2]
#       0.53%  pthread_mutex_lock@@GLIBC_2.2.5  [libc.so.6]
#       0.47%  posix_memalign  [libjemalloc.so.2]
## rculist w=192 stat: 394.40 Mops/s  retries = 0  load 102.06
## rculist w=192 record: 385.83 Mops/s  retries = 0  load 109.83
## rculist writers=192: 385.83 Mops/s, 2431045731989 units, threads by role main=192, worker=193, writer=192
#   main: 0.1% of process; top symbols:
#      47.30%  [unknown]  [libjemalloc.so.2]
#      13.57%  update_sd_lb_stats.constprop.0  [[kernel.kallsyms]]
#       5.38%  pthread_mutex_trylock@@GLIBC_2.34  [libc.so.6]
#       5.05%  __GI___pthread_mutex_unlock_usercnt  [libc.so.6]
#       3.58%  free  [libjemalloc.so.2]
#       3.36%  _find_next_and_bit  [[kernel.kallsyms]]
#       3.13%  arch_scale_cpu_capacity  [[kernel.kallsyms]]
#       3.09%  native_queued_spin_lock_slowpath  [[kernel.kallsyms]]
#       2.30%  sched_balance_rq  [[kernel.kallsyms]]
#       2.02%  urcu_qsbr_synchronize_rcu  [liburcu-qsbr.so.8.2.0]
#       1.64%  cpu_util  [[kernel.kallsyms]]
#       0.90%  _raw_spin_unlock_irqrestore  [[kernel.kallsyms]]
#       0.84%  srso_alias_return_thunk  [[kernel.kallsyms]]
#       0.82%  try_to_wake_up  [[kernel.kallsyms]]
#   worker: 7.4% of process; top symbols:
#      71.64%  [unknown]  [libjemalloc.so.2]
#       8.73%  pthread_mutex_trylock@@GLIBC_2.34  [libc.so.6]
#       6.91%  __GI___pthread_mutex_unlock_usercnt  [libc.so.6]
#       4.29%  free  [libjemalloc.so.2]
#       2.58%  urcu_qsbr_synchronize_rcu  [liburcu-qsbr.so.8.2.0]
#       1.18%  call_rcu_thread  [liburcu-qsbr.so.8.2.0]
#       0.78%  seg_reclaim_cb  [bench_list_scale.pin-aligned-nodelock4]
#       0.60%  pthread_mutex_trylock@plt  [libjemalloc.so.2]
#       0.45%  free@plt  [bench_list_scale.pin-aligned-nodelock4]
#       0.34%  pthread_mutex_unlock@plt  [libjemalloc.so.2]
#       0.34%  pthread_mutex_unlock@@GLIBC_2.2.5  [libc.so.6]
#       0.11%  entry_SYSRETQ_unsafe_stack  [[kernel.kallsyms]]
#       0.11%  dequeue_entities  [[kernel.kallsyms]]
#       0.08%  update_se  [[kernel.kallsyms]]
#   writer: 92.5% of process; top symbols:
#      81.75%  rl_write  [bench_list_scale.pin-aligned-nodelock4]
#       5.16%  wake_call_rcu_thread  [liburcu-qsbr.so.8.2.0]
#       4.92%  posix_memalign  [libjemalloc.so.2]
#       2.47%  writer_thread  [bench_list_scale.pin-aligned-nodelock4]
#       2.25%  [unknown]  [libjemalloc.so.2]
#       0.61%  pthread_mutex_trylock@@GLIBC_2.34  [libc.so.6]
#       0.53%  urcu_qsbr_call_rcu  [liburcu-qsbr.so.8.2.0]
#       0.38%  malloc  [libjemalloc.so.2]
#       0.28%  urcu_qsbr_get_call_rcu_data  [liburcu-qsbr.so.8.2.0]
#       0.22%  urcu_qsbr_get_cpu_call_rcu_data  [liburcu-qsbr.so.8.2.0]
#       0.17%  update_se  [[kernel.kallsyms]]
#       0.15%  sched_getcpu  [libc.so.6]
#       0.13%  __tls_get_addr  [ld-linux-x86-64.so.2]
#       0.09%  task_tick_fair  [[kernel.kallsyms]]
# end: 2026-09-28T17:51:10-04:00 109.83 72.11 68.58 1/3957 2215027
