# run_p1_writer_profile_scale.sh  2026-09-28T19:55:22-04:00
# bench HEAD 0c72128f; bench_list_scale.c sha256 37be6f39a7c4b2df
# binary ./arms-p1/bench_list_scale.pin-aligned-nodelock4-ftwq sha256 2ae8e91a1ca80dde; liburcu from urcu-txn-build-b3e23f9f-ftwq
# WRITERS=1 192 WARM=4 DUR=6 LAG=4.5 WIN=4; start: 10.90 10.11 4.28 5/3927 2244599
## txn_sw_list w=1 stat: 5.96 Mops/s  retries = 0  load 9.54
## txn_sw_list w=1 record: 5.93 Mops/s  retries = 0  load 8.30
## txn_sw_list writers=1: 5.93 Mops/s, 14080330344 units, threads by role main=251, worker=2, writer=1
#   main: 2.0% of process; top symbols:
#      23.87%  update_sd_lb_stats.constprop.0  [[kernel.kallsyms]]
#      22.95%  osq_lock  [[kernel.kallsyms]]
#      19.42%  native_queued_spin_lock_slowpath  [[kernel.kallsyms]]
#      11.42%  cpu_util  [[kernel.kallsyms]]
#       7.84%  urcu_qsbr_synchronize_rcu  [liburcu-qsbr.so.8.2.0]
#       4.82%  _find_next_and_bit  [[kernel.kallsyms]]
#       3.02%  perf_pmu_nop_void  [[kernel.kallsyms]]
#       1.59%  sched_balance_find_src_group  [[kernel.kallsyms]]
#       0.53%  __futex_wait  [[kernel.kallsyms]]
#       0.41%  entry_SYSCALL_64_after_hwframe  [[kernel.kallsyms]]
#       0.37%  pthread_mutex_trylock@@GLIBC_2.34  [libc.so.6]
#       0.29%  srso_alias_safe_ret  [[kernel.kallsyms]]
#       0.19%  entry_SYSRETQ_unsafe_stack  [[kernel.kallsyms]]
#       0.18%  entry_SYSCALL_64  [[kernel.kallsyms]]
#   worker: 35.1% of process; top symbols:
#      73.71%  [unknown]  [libjemalloc.so.2]
#       8.89%  urcu_txn_sw_free_rcu  [bench_list_scale.pin-aligned-nodelock4-ftwq]
#       4.07%  pthread_mutex_trylock@@GLIBC_2.34  [libc.so.6]
#       3.75%  __GI___pthread_mutex_unlock_usercnt  [libc.so.6]
#       3.54%  call_rcu_thread  [liburcu-qsbr.so.8.2.0]
#       2.44%  free  [libjemalloc.so.2]
#       1.35%  urcu_qsbr_synchronize_rcu  [liburcu-qsbr.so.8.2.0]
#       0.36%  pthread_mutex_unlock@plt  [libjemalloc.so.2]
#       0.28%  seg_reclaim_cb  [bench_list_scale.pin-aligned-nodelock4-ftwq]
#       0.22%  pthread_mutex_unlock@@GLIBC_2.2.5  [libc.so.6]
#       0.22%  free@plt  [bench_list_scale.pin-aligned-nodelock4-ftwq]
#       0.22%  pthread_mutex_trylock@plt  [libjemalloc.so.2]
#       0.15%  remote_function  [[kernel.kallsyms]]
#       0.07%  entry_SYSRETQ_unsafe_stack  [[kernel.kallsyms]]
#   writer: 62.9% of process; top symbols:
#      26.86%  su_write  [bench_list_scale.pin-aligned-nodelock4-ftwq]
#      14.30%  writer_thread  [bench_list_scale.pin-aligned-nodelock4-ftwq]
#      13.96%  __tls_get_addr  [ld-linux-x86-64.so.2]
#       5.92%  urcu_qsbr_get_call_rcu_data  [liburcu-qsbr.so.8.2.0]
#       4.97%  urcu_txn_sw_list_del_rcu  [bench_list_scale.pin-aligned-nodelock4-ftwq]
#       4.61%  urcu_txn_sw_commit_flavor.constprop.0  [bench_list_scale.pin-aligned-nodelock4-ftwq]
#       3.68%  [unknown]  [libjemalloc.so.2]
#       3.27%  sched_getcpu  [libc.so.6]
#       3.10%  urcu_slab_alloc  [bench_list_scale.pin-aligned-nodelock4-ftwq]
#       2.95%  malloc  [libjemalloc.so.2]
#       2.47%  urcu_qsbr_call_rcu  [liburcu-qsbr.so.8.2.0]
#       2.41%  pthread_mutex_lock@@GLIBC_2.2.5  [libc.so.6]
#       2.32%  urcu_qsbr_get_cpu_call_rcu_data  [liburcu-qsbr.so.8.2.0]
#       2.31%  posix_memalign  [libjemalloc.so.2]
## rculist w=1 stat: 16.11 Mops/s  retries = 0  load 7.33
## rculist w=1 record: 16.28 Mops/s  retries = 0  load 6.59
## rculist writers=1: 16.28 Mops/s, 14285073592 units, threads by role main=268, worker=1, writer=1
#   main: 1.4% of process; top symbols:
#      25.22%  osq_lock  [[kernel.kallsyms]]
#      25.04%  update_sd_lb_stats.constprop.0  [[kernel.kallsyms]]
#       9.76%  urcu_qsbr_synchronize_rcu  [liburcu-qsbr.so.8.2.0]
#       8.46%  cpu_util  [[kernel.kallsyms]]
#       7.36%  native_queued_spin_lock_slowpath  [[kernel.kallsyms]]
#       6.13%  pick_next_task_fair  [[kernel.kallsyms]]
#       2.43%  srso_alias_return_thunk  [[kernel.kallsyms]]
#       1.35%  reweight_entity  [[kernel.kallsyms]]
#       1.12%  __schedule  [[kernel.kallsyms]]
#       0.97%  _find_next_and_bit  [[kernel.kallsyms]]
#       0.95%  __perf_event_task_sched_in  [[kernel.kallsyms]]
#       0.94%  entry_SYSCALL_64_after_hwframe  [[kernel.kallsyms]]
#       0.87%  __pmu_ctx_sched_out  [[kernel.kallsyms]]
#       0.87%  __update_load_avg_se  [[kernel.kallsyms]]
#   worker: 45.8% of process; top symbols:
#      75.18%  [unknown]  [libjemalloc.so.2]
#       9.59%  pthread_mutex_trylock@@GLIBC_2.34  [libc.so.6]
#       5.97%  __GI___pthread_mutex_unlock_usercnt  [libc.so.6]
#       4.34%  free  [libjemalloc.so.2]
#       1.25%  call_rcu_thread  [liburcu-qsbr.so.8.2.0]
#       0.61%  pthread_mutex_trylock@plt  [libjemalloc.so.2]
#       0.61%  seg_reclaim_cb  [bench_list_scale.pin-aligned-nodelock4-ftwq]
#       0.55%  pthread_mutex_unlock@plt  [libjemalloc.so.2]
#       0.54%  pthread_mutex_unlock@@GLIBC_2.2.5  [libc.so.6]
#       0.49%  free@plt  [bench_list_scale.pin-aligned-nodelock4-ftwq]
#       0.22%  urcu_qsbr_synchronize_rcu  [liburcu-qsbr.so.8.2.0]
#       0.11%  task_tick_fair  [[kernel.kallsyms]]
#       0.06%  dequeue_entities  [[kernel.kallsyms]]
#       0.06%  psi_task_switch  [[kernel.kallsyms]]
#   writer: 52.8% of process; top symbols:
#      53.25%  rl_write  [bench_list_scale.pin-aligned-nodelock4-ftwq]
#      12.62%  [unknown]  [libjemalloc.so.2]
#      11.02%  writer_thread  [bench_list_scale.pin-aligned-nodelock4-ftwq]
#       6.22%  posix_memalign  [libjemalloc.so.2]
#       3.03%  urcu_qsbr_get_call_rcu_data  [liburcu-qsbr.so.8.2.0]
#       2.42%  urcu_qsbr_call_rcu  [liburcu-qsbr.so.8.2.0]
#       2.27%  malloc  [libjemalloc.so.2]
#       1.83%  wake_call_rcu_thread  [liburcu-qsbr.so.8.2.0]
#       1.52%  urcu_qsbr_get_cpu_call_rcu_data  [liburcu-qsbr.so.8.2.0]
#       1.45%  __tls_get_addr  [ld-linux-x86-64.so.2]
#       1.39%  sched_getcpu  [libc.so.6]
#       0.61%  urcu_qsbr_get_cpu_call_rcu_data@plt  [liburcu-qsbr.so.8.2.0]
#       0.61%  pthread_mutex_trylock@@GLIBC_2.34  [libc.so.6]
#       0.33%  posix_memalign@plt  [bench_list_scale.pin-aligned-nodelock4-ftwq]
## txn_sw_list w=192 stat: 274.93 Mops/s  retries = 0  load 40.93
## txn_sw_list w=192 record: 282.82 Mops/s  retries = 0  load 70.67
## txn_sw_list writers=192: 282.82 Mops/s, 2832449083008 units, threads by role main=190, worker=195, writer=192
#   main: 0.0% of process; top symbols:
#      37.18%  update_sd_lb_stats.constprop.0  [[kernel.kallsyms]]
#      25.62%  cpu_util  [[kernel.kallsyms]]
#       8.43%  _find_next_and_bit  [[kernel.kallsyms]]
#       7.25%  sched_balance_rq  [[kernel.kallsyms]]
#       5.44%  native_queued_spin_lock_slowpath  [[kernel.kallsyms]]
#       2.87%  srso_alias_safe_ret  [[kernel.kallsyms]]
#       2.12%  __pi__text  [[kernel.kallsyms]]
#       2.12%  reset_churn  [bench_list_scale.pin-aligned-nodelock4-ftwq]
#       1.01%  idle_cpu  [[kernel.kallsyms]]
#       0.99%  sched_clock  [[kernel.kallsyms]]
#       0.99%  x64_sys_call  [[kernel.kallsyms]]
#       0.99%  entry_SYSCALL_64  [[kernel.kallsyms]]
#       0.99%  __nanosleep  [libc.so.6]
#       0.99%  sched_use_asym_prio.isra.0  [[kernel.kallsyms]]
#   worker: 10.4% of process; top symbols:
#      72.80%  [unknown]  [libjemalloc.so.2]
#       9.14%  urcu_txn_sw_free_rcu  [bench_list_scale.pin-aligned-nodelock4-ftwq]
#       4.50%  call_rcu_thread  [liburcu-qsbr.so.8.2.0]
#       4.10%  pthread_mutex_trylock@@GLIBC_2.34  [libc.so.6]
#       3.42%  __GI___pthread_mutex_unlock_usercnt  [libc.so.6]
#       1.90%  free  [libjemalloc.so.2]
#       1.10%  urcu_qsbr_synchronize_rcu  [liburcu-qsbr.so.8.2.0]
#       0.40%  pthread_mutex_trylock@plt  [libjemalloc.so.2]
#       0.37%  seg_reclaim_cb  [bench_list_scale.pin-aligned-nodelock4-ftwq]
#       0.18%  pthread_mutex_unlock@@GLIBC_2.2.5  [libc.so.6]
#       0.16%  free@plt  [bench_list_scale.pin-aligned-nodelock4-ftwq]
#       0.15%  pthread_mutex_unlock@plt  [libjemalloc.so.2]
#       0.14%  update_se  [[kernel.kallsyms]]
#       0.09%  task_tick_fair  [[kernel.kallsyms]]
#   writer: 89.6% of process; top symbols:
#      44.78%  su_write  [bench_list_scale.pin-aligned-nodelock4-ftwq]
#      12.01%  urcu_slab_alloc  [bench_list_scale.pin-aligned-nodelock4-ftwq]
#      11.30%  urcu_txn_sw_commit_flavor.constprop.0  [bench_list_scale.pin-aligned-nodelock4-ftwq]
#       6.04%  __GI___pthread_mutex_unlock_usercnt  [libc.so.6]
#       4.92%  __tls_get_addr  [ld-linux-x86-64.so.2]
#       3.99%  urcu_qsbr_call_rcu  [liburcu-qsbr.so.8.2.0]
#       3.41%  urcu_qsbr_call_rcu@plt  [bench_list_scale.pin-aligned-nodelock4-ftwq]
#       3.15%  urcu_qsbr_get_call_rcu_data  [liburcu-qsbr.so.8.2.0]
#       2.15%  urcu_txn_sw_list_del_rcu  [bench_list_scale.pin-aligned-nodelock4-ftwq]
#       1.64%  sched_getcpu  [libc.so.6]
#       1.58%  writer_thread  [bench_list_scale.pin-aligned-nodelock4-ftwq]
#       0.93%  [unknown]  [libjemalloc.so.2]
#       0.60%  __tls_get_addr@plt  [liburcu-qsbr.so.8.2.0]
#       0.55%  pthread_mutex_lock@@GLIBC_2.2.5  [libc.so.6]
## rculist w=192 stat: 394.74 Mops/s  retries = 0  load 91.16
## rculist w=192 record: 389.84 Mops/s  retries = 0  load 109.84
## rculist writers=192: 389.84 Mops/s, 2441035991776 units, threads by role main=192, worker=192, writer=193
#   main: 0.0% of process; top symbols:
#      67.42%  [unknown]  [libjemalloc.so.2]
#      10.08%  pthread_mutex_trylock@@GLIBC_2.34  [libc.so.6]
#       7.13%  __GI___pthread_mutex_unlock_usercnt  [libc.so.6]
#       4.25%  native_queued_spin_lock_slowpath  [[kernel.kallsyms]]
#       3.35%  urcu_qsbr_synchronize_rcu  [liburcu-qsbr.so.8.2.0]
#       2.86%  free  [libjemalloc.so.2]
#       1.09%  pthread_mutex_trylock@plt  [libjemalloc.so.2]
#       0.75%  pthread_mutex_unlock@plt  [libjemalloc.so.2]
#       0.71%  free@plt  [bench_list_scale.pin-aligned-nodelock4-ftwq]
#       0.39%  update_rq_clock  [[kernel.kallsyms]]
#       0.38%  futex_wait  [[kernel.kallsyms]]
#       0.16%  update_sd_lb_stats.constprop.0  [[kernel.kallsyms]]
#       0.12%  update_load_avg  [[kernel.kallsyms]]
#       0.08%  cpu_util  [[kernel.kallsyms]]
#   worker: 7.3% of process; top symbols:
#      71.91%  [unknown]  [libjemalloc.so.2]
#       8.69%  pthread_mutex_trylock@@GLIBC_2.34  [libc.so.6]
#       6.78%  __GI___pthread_mutex_unlock_usercnt  [libc.so.6]
#       4.24%  free  [libjemalloc.so.2]
#       2.65%  urcu_qsbr_synchronize_rcu  [liburcu-qsbr.so.8.2.0]
#       1.14%  call_rcu_thread  [liburcu-qsbr.so.8.2.0]
#       0.76%  seg_reclaim_cb  [bench_list_scale.pin-aligned-nodelock4-ftwq]
#       0.57%  pthread_mutex_trylock@plt  [libjemalloc.so.2]
#       0.39%  pthread_mutex_unlock@@GLIBC_2.2.5  [libc.so.6]
#       0.35%  pthread_mutex_unlock@plt  [libjemalloc.so.2]
#       0.33%  free@plt  [bench_list_scale.pin-aligned-nodelock4-ftwq]
#       0.10%  dequeue_entities  [[kernel.kallsyms]]
#       0.10%  entry_SYSRETQ_unsafe_stack  [[kernel.kallsyms]]
#       0.10%  update_se  [[kernel.kallsyms]]
#   writer: 92.6% of process; top symbols:
#      81.43%  rl_write  [bench_list_scale.pin-aligned-nodelock4-ftwq]
#       5.52%  wake_call_rcu_thread  [liburcu-qsbr.so.8.2.0]
#       4.95%  posix_memalign  [libjemalloc.so.2]
#       2.49%  writer_thread  [bench_list_scale.pin-aligned-nodelock4-ftwq]
#       2.22%  [unknown]  [libjemalloc.so.2]
#       0.55%  pthread_mutex_trylock@@GLIBC_2.34  [libc.so.6]
#       0.53%  urcu_qsbr_call_rcu  [liburcu-qsbr.so.8.2.0]
#       0.34%  malloc  [libjemalloc.so.2]
#       0.27%  urcu_qsbr_get_call_rcu_data  [liburcu-qsbr.so.8.2.0]
#       0.24%  urcu_qsbr_get_cpu_call_rcu_data  [liburcu-qsbr.so.8.2.0]
#       0.17%  update_se  [[kernel.kallsyms]]
#       0.16%  sched_getcpu  [libc.so.6]
#       0.14%  __tls_get_addr  [ld-linux-x86-64.so.2]
#       0.09%  task_tick_fair  [[kernel.kallsyms]]
# end: 2026-09-28T19:57:03-04:00 101.12 36.31 13.87 1/3928 2250379
